// Jest Snapshot v1, https://goo.gl/fbAQLP

exports[`test App 1`] = `
<div>
  <div>
    <header
      className="MuiPaper-root MuiAppBar-root MuiAppBar-positionStatic MuiAppBar-colorPrimary MuiPaper-elevation4"
    >
      <div
        className="MuiToolbar-root MuiToolbar-regular MuiToolbar-gutters"
      >
        <p
          className="MuiTypography-root MuiTypography-body1"
        >
          EleNa: Team Gone Fishering
        </p>
      </div>
    </header>
  </div>
</div>
`;
